// Jest Snapshot v1, https://goo.gl/fbAQLP

exports[`matches snapshot 1`] = `
<div>
  <div
    class="Error"
  >
    <div
      class="fade alert alert-danger show"
      role="alert"
    >
      <p>
        test error text
      </p>
    </div>
  </div>
</div>
`;
